Archive member included because of file (symbol)

c:/program files/eclipsearm/sourcery-g++-lite-arm-2011.03/bin/../lib/gcc/arm-none-eabi/4.5.2\libgcc.a(_divsi3.o)
                              ./common/44blib.o (__aeabi_idiv)
c:/program files/eclipsearm/sourcery-g++-lite-arm-2011.03/bin/../lib/gcc/arm-none-eabi/4.5.2\libgcc.a(_dvmd_tls.o)
                              c:/program files/eclipsearm/sourcery-g++-lite-arm-2011.03/bin/../lib/gcc/arm-none-eabi/4.5.2\libgcc.a(_divsi3.o) (__aeabi_idiv0)
c:/program files/eclipsearm/sourcery-g++-lite-arm-2011.03/bin/../lib/gcc/arm-none-eabi/4.5.2/../../../../arm-none-eabi/lib\libc.a(lib_a-strlen.o)
                              ./lcd.o (strlen)

Allocating common symbols
Common symbol       size              file

ucCursorBackUp      0x78              ./Bmp.o
ulMouseY            0x2               ./Bmp.o
estado_boton        0x1               ./button.o
led_state           0x4               ./led.o
fileSize            0x4               ./common/44blib.o
celdas_vacias       0x4               ./sudoku_2015.o
valor               0x4               ./sudoku_2015.o
estado_juego        0x1               ./sudoku_2015.o
ulMouseX            0x2               ./Bmp.o
filas               0x4               ./sudoku_2015.o
columnas            0x4               ./sudoku_2015.o
cuadricula          0x120             ./main.o
downPt              0x4               ./common/44blib.o

Memory Configuration

Name             Origin             Length             Attributes
*default*        0x00000000         0xffffffff

Linker script and memory map

LOAD ./common/44binit.o
LOAD ./common/44blib.o
LOAD ./common/AscII8x16.o
LOAD ./8led.o
LOAD ./Bmp.o
LOAD ./button.o
LOAD ./lcd.o
LOAD ./led.o
LOAD ./main.o
LOAD ./sudoku_2015.o
LOAD ./timer.o
START GROUP
LOAD c:/program files/eclipsearm/sourcery-g++-lite-arm-2011.03/bin/../lib/gcc/arm-none-eabi/4.5.2\libgcc.a
LOAD c:/program files/eclipsearm/sourcery-g++-lite-arm-2011.03/bin/../lib/gcc/arm-none-eabi/4.5.2/../../../../arm-none-eabi/lib\libc.a
END GROUP
                0x0c000000                . = 0xc000000
                0x0c000000                Image_RO_Base = .

.text           0x0c000000     0x64f0
 *(.text)
 .text          0x0c000000      0x784 ./common/44binit.o
 .text          0x0c000784      0x5a4 ./common/44blib.o
                0x0c000784                Delay
                0x0c0008bc                DelayMs
                0x0c000920                Port_Init
                0x0c000ab0                malloc
                0x0c000b50                free
                0x0c000b80                init_debugstack
                0x0c000c14                push_debug
                0x0c000cc8                sys_init
 .text          0x0c000d28        0x0 ./common/AscII8x16.o
 .text          0x0c000d28       0x78 ./8led.o
                0x0c000d28                D8Led_init
                0x0c000d4c                D8Led_symbol
 .text          0x0c000da0      0x800 ./Bmp.o
                0x0c000da0                BitmapView
                0x0c000f2c                BitmapPush
                0x0c001198                BitmapPop
                0x0c001424                CursorInit
                0x0c001478                CursorPush
                0x0c0014d4                CursorPop
                0x0c001530                CursorView
 .text          0x0c0015a0      0x3d8 ./button.o
                0x0c0015a0                Eint4567_init
                0x0c001684                Eint4567_ISR
                0x0c001764                actualizar_estado_boton_desde_timer_int
                0x0c001910                botonPulsado
                0x0c001950                getMantenido
 .text          0x0c001978     0x2450 ./lcd.o
                0x0c001978                Lcd_Init
                0x0c001b0c                Lcd_Active_Clr
                0x0c001b74                LCD_GetPixel
                0x0c001c44                Lcd_Clr
                0x0c001cb0                LcdClrRect
                0x0c002300                Lcd_Draw_Box
                0x0c00239c                Lcd_Draw_Box_Pista
                0x0c002438                Lcd_Draw_Line
                0x0c002d90                Lcd_Draw_HLine
                0x0c002f98                Lcd_Draw_VLine
                0x0c0031d0                Lcd_DspAscII8x16
                0x0c0034e4                ReverseLine
                0x0c0035d8                Zdma0Done
                0x0c003618                Lcd_Dma_Trans
                0x0c0036c4                Lcd_Test
                0x0c0038a8                Lcd_InitTablero
                0x0c003b78                Lcd_PintarLineas
 .text          0x0c003dc8      0x23c ./led.o
                0x0c003dc8                leds_on
                0x0c003de8                leds_off
                0x0c003e08                led1_on
                0x0c003e48                led1_off
                0x0c003e88                led2_on
                0x0c003ec8                led2_off
                0x0c003f08                leds_switch
                0x0c003f48                Led_Display
 .text          0x0c004004      0x1b0 ./main.o
                0x0c004004                error
                0x0c004020                Main
 .text          0x0c0041b4     0x1d04 ./sudoku_2015.o
                0x0c0041b4                celda_poner_valor
                0x0c00423c                celda_poner_error
                0x0c004278                celda_quitar_error
                0x0c0042b4                celda_leer_valor
                0x0c0042f0                sudoku_candidatos_c
                0x0c004718                sudoku_recalcular_c
                0x0c004808                rellenar_cuadricula
                0x0c0048b8                actualizarTablero
                0x0c0053c0                itoa
                0x0c0054b0                pintarSeg
                0x0c005614                sudoku9x9
 .text          0x0c005eb8      0x48c ./timer.o
                0x0c005eb8                timer_ISR
                0x0c005f00                timer_init
                0x0c005fbc                timer2_Inicializar
                0x0c006074                timer2_Empezar
                0x0c0060e0                timer2_Leer_micros
                0x0c006180                timer2_Leer
                0x0c0061b4                timer2_ISR
                0x0c00626c                timer2_Eint4567
                0x0c006294                timer2_Esperar
                0x0c0062bc                timer2_ResetEsperar
                0x0c0062f4                getContador
                0x0c00631c                segundos
 .text          0x0c006344      0x148 c:/program files/eclipsearm/sourcery-g++-lite-arm-2011.03/bin/../lib/gcc/arm-none-eabi/4.5.2\libgcc.a(_divsi3.o)
                0x0c006344                __divsi3
                0x0c006344                __aeabi_idiv
                0x0c00646c                __aeabi_idivmod
 .text          0x0c00648c        0x4 c:/program files/eclipsearm/sourcery-g++-lite-arm-2011.03/bin/../lib/gcc/arm-none-eabi/4.5.2\libgcc.a(_dvmd_tls.o)
                0x0c00648c                __aeabi_idiv0
                0x0c00648c                __aeabi_ldiv0
 .text          0x0c006490       0x60 c:/program files/eclipsearm/sourcery-g++-lite-arm-2011.03/bin/../lib/gcc/arm-none-eabi/4.5.2/../../../../arm-none-eabi/lib\libc.a(lib_a-strlen.o)
                0x0c006490                strlen
                0x0c0064f0                Image_RO_Limit = .
                0x0c0064f0                Image_RW_Base = .

.glue_7         0x0c0064f0        0x0
 .glue_7        0x00000000        0x0 linker stubs

.glue_7t        0x0c0064f0        0x0
 .glue_7t       0x00000000        0x0 linker stubs

.vfp11_veneer   0x0c0064f0        0x0
 .vfp11_veneer  0x00000000        0x0 linker stubs

.v4_bx          0x0c0064f0        0x0
 .v4_bx         0x00000000        0x0 linker stubs

.data           0x0c0064f0      0x1a0
 *(.data)
 .data          0x0c0064f0        0x6 ./common/44binit.o
                0x0c0064f0                BDRAMTYPE
 *fill*         0x0c0064f6        0x2 00
 .data          0x0c0064f8       0x10 ./common/44blib.o
                0x0c0064f8                pointer
                0x0c0064fc                mallocPt
                0x0c006500                run
 .data          0x0c006508        0x0 ./common/AscII8x16.o
 .data          0x0c006508       0x44 ./8led.o
                0x0c006508                Symbol
 .data          0x0c00654c       0x10 ./Bmp.o
                0x0c00654c                Stru_Bitmap_gbMouse
 .data          0x0c00655c        0x0 ./button.o
 .data          0x0c00655c        0x1 ./lcd.o
 .data          0x0c00655d        0x0 ./led.o
 .data          0x0c00655d        0x0 ./main.o
 *fill*         0x0c00655d        0x3 00
 .data          0x0c006560      0x12c ./sudoku_2015.o
                0x0c006680                digito
                0x0c006684                espaciado_celdas_px
                0x0c006688                espaciado_candidatos_px
 .data          0x0c00668c        0x4 ./timer.o
                0x0c00668c                contador
 .data          0x0c006690        0x0 c:/program files/eclipsearm/sourcery-g++-lite-arm-2011.03/bin/../lib/gcc/arm-none-eabi/4.5.2\libgcc.a(_divsi3.o)
 .data          0x0c006690        0x0 c:/program files/eclipsearm/sourcery-g++-lite-arm-2011.03/bin/../lib/gcc/arm-none-eabi/4.5.2\libgcc.a(_dvmd_tls.o)
 .data          0x0c006690        0x0 c:/program files/eclipsearm/sourcery-g++-lite-arm-2011.03/bin/../lib/gcc/arm-none-eabi/4.5.2/../../../../arm-none-eabi/lib\libc.a(lib_a-strlen.o)

.rodata         0x0c006690     0x1364
 *(.rodata)
 .rodata        0x0c006690     0x1004 ./common/AscII8x16.o
                0x0c006690                g_auc_Ascii8x16
 .rodata        0x0c007694       0xf0 ./Bmp.o
                0x0c007694                ucMouseMap
 .rodata        0x0c007784       0x64 ./lcd.o
 .rodata        0x0c0077e8      0x1b0 ./main.o
 .rodata        0x0c007998       0x5c ./sudoku_2015.o
                0x0c0079f4                Image_RW_Limit = .
                0x0c0079f4                Image_ZI_Base = .

.bss            0x0c007a00      0x234
 *(.bss)
 .bss           0x0c007a00        0x0 ./common/44binit.o
 .bss           0x0c007a00        0x4 ./common/44blib.o
                0x0c007a00                restart
 .bss           0x0c007a04        0x0 ./common/AscII8x16.o
 .bss           0x0c007a04        0x0 ./8led.o
 .bss           0x0c007a04        0x0 ./Bmp.o
 .bss           0x0c007a04       0x14 ./button.o
                0x0c007a04                int_count
                0x0c007a08                mantenido
                0x0c007a0c                pulsed
 .bss           0x0c007a18        0x0 ./lcd.o
 .bss           0x0c007a18        0x0 ./led.o
 .bss           0x0c007a18        0x0 ./main.o
 .bss           0x0c007a18       0x44 ./sudoku_2015.o
                0x0c007a18                tiempoTotal
 .bss           0x0c007a5c       0x18 ./timer.o
                0x0c007a5c                switch_leds
                0x0c007a60                timer2_num_int
                0x0c007a64                Eint4567_signal
                0x0c007a68                Esperar_signal
                0x0c007a6c                miliseg
                0x0c007a70                seg
 .bss           0x0c007a74        0x0 c:/program files/eclipsearm/sourcery-g++-lite-arm-2011.03/bin/../lib/gcc/arm-none-eabi/4.5.2\libgcc.a(_divsi3.o)
 .bss           0x0c007a74        0x0 c:/program files/eclipsearm/sourcery-g++-lite-arm-2011.03/bin/../lib/gcc/arm-none-eabi/4.5.2\libgcc.a(_dvmd_tls.o)
 .bss           0x0c007a74        0x0 c:/program files/eclipsearm/sourcery-g++-lite-arm-2011.03/bin/../lib/gcc/arm-none-eabi/4.5.2/../../../../arm-none-eabi/lib\libc.a(lib_a-strlen.o)
 COMMON         0x0c007a74        0x8 ./common/44blib.o
                0x0c007a74                fileSize
                0x0c007a78                downPt
 COMMON         0x0c007a7c       0x7c ./Bmp.o
                0x0c007a7c                ucCursorBackUp
                0x0c007af4                ulMouseY
                0x0c007af6                ulMouseX
 COMMON         0x0c007af8        0x1 ./button.o
                0x0c007af8                estado_boton
 *fill*         0x0c007af9        0x3 00
 COMMON         0x0c007afc        0x4 ./led.o
                0x0c007afc                led_state
 COMMON         0x0c007b00      0x120 ./main.o
                0x0c007b00                cuadricula
 COMMON         0x0c007c20       0x14 ./sudoku_2015.o
                0x0c007c20                celdas_vacias
                0x0c007c24                valor
                0x0c007c28                estado_juego
                0x0c007c2c                filas
                0x0c007c30                columnas
                0x0c007c34                Image_ZI_Limit = .
                0x0c007c34                __bss_start__ = .
                0x0c007c34                __bss_end__ = .
                0x0c007c34                __EH_FRAME_BEGIN__ = .
                0x0c007c34                __EH_FRAME_END__ = .
                0x0c007c34                PROVIDE (__stack, .)
                0x0c007c34                end = .
                0x0c007c34                _end = .

.ARM.attributes
                0x00000000       0x2e
 .ARM.attributes
                0x00000000       0x22 ./common/44binit.o
 .ARM.attributes
                0x00000022       0x32 ./common/44blib.o
 .ARM.attributes
                0x00000054       0x32 ./common/AscII8x16.o
 .ARM.attributes
                0x00000086       0x32 ./8led.o
 .ARM.attributes
                0x000000b8       0x32 ./Bmp.o
 .ARM.attributes
                0x000000ea       0x32 ./button.o
 .ARM.attributes
                0x0000011c       0x32 ./lcd.o
 .ARM.attributes
                0x0000014e       0x32 ./led.o
 .ARM.attributes
                0x00000180       0x32 ./main.o
 .ARM.attributes
                0x000001b2       0x32 ./sudoku_2015.o
 .ARM.attributes
                0x000001e4       0x32 ./timer.o
 .ARM.attributes
                0x00000216       0x1a c:/program files/eclipsearm/sourcery-g++-lite-arm-2011.03/bin/../lib/gcc/arm-none-eabi/4.5.2\libgcc.a(_divsi3.o)
 .ARM.attributes
                0x00000230       0x18 c:/program files/eclipsearm/sourcery-g++-lite-arm-2011.03/bin/../lib/gcc/arm-none-eabi/4.5.2\libgcc.a(_dvmd_tls.o)
 .ARM.attributes
                0x00000248       0x34 c:/program files/eclipsearm/sourcery-g++-lite-arm-2011.03/bin/../lib/gcc/arm-none-eabi/4.5.2/../../../../arm-none-eabi/lib\libc.a(lib_a-strlen.o)

.comment        0x00000000       0x2a
 .comment       0x00000000       0x2a ./common/44blib.o
                                 0x2b (size before relaxing)
 .comment       0x00000000       0x2b ./common/AscII8x16.o
 .comment       0x00000000       0x2b ./8led.o
 .comment       0x00000000       0x2b ./Bmp.o
 .comment       0x00000000       0x2b ./button.o
 .comment       0x00000000       0x2b ./lcd.o
 .comment       0x00000000       0x2b ./led.o
 .comment       0x00000000       0x2b ./main.o
 .comment       0x00000000       0x2b ./sudoku_2015.o
 .comment       0x00000000       0x2b ./timer.o

.debug_info     0x00000000     0x1e31
 *(.debug_info)
 .debug_info    0x00000000       0x61 ./common/44binit.o
 .debug_info    0x00000061      0x298 ./common/44blib.o
 .debug_info    0x000002f9       0x60 ./common/AscII8x16.o
 .debug_info    0x00000359      0x11b ./8led.o
 .debug_info    0x00000474      0x33c ./Bmp.o
 .debug_info    0x000007b0      0x194 ./button.o
 .debug_info    0x00000944      0x74c ./lcd.o
 .debug_info    0x00001090      0x104 ./led.o
 .debug_info    0x00001194      0x133 ./main.o
 .debug_info    0x000012c7      0x8ae ./sudoku_2015.o
 .debug_info    0x00001b75      0x2bc ./timer.o

.debug_line     0x00000000     0x16aa
 *(.debug_line)
 .debug_line    0x00000000      0x12b ./common/44binit.o
 .debug_line    0x0000012b      0x3bc ./common/44blib.o
 .debug_line    0x000004e7       0x3f ./common/AscII8x16.o
 .debug_line    0x00000526       0x8a ./8led.o
 .debug_line    0x000005b0      0x108 ./Bmp.o
 .debug_line    0x000006b8       0xe6 ./button.o
 .debug_line    0x0000079e      0x358 ./lcd.o
 .debug_line    0x00000af6       0x9e ./led.o
 .debug_line    0x00000b94      0x3ae ./main.o
 .debug_line    0x00000f42      0x691 ./sudoku_2015.o
 .debug_line    0x000015d3       0xd7 ./timer.o

.debug_abbrev   0x00000000      0x9cc
 *(.debug_abbrev)
 .debug_abbrev  0x00000000       0x14 ./common/44binit.o
 .debug_abbrev  0x00000014      0x11f ./common/44blib.o
 .debug_abbrev  0x00000133       0x4b ./common/AscII8x16.o
 .debug_abbrev  0x0000017e       0xba ./8led.o
 .debug_abbrev  0x00000238       0xf8 ./Bmp.o
 .debug_abbrev  0x00000330       0xf2 ./button.o
 .debug_abbrev  0x00000422      0x1be ./lcd.o
 .debug_abbrev  0x000005e0       0x7c ./led.o
 .debug_abbrev  0x0000065c       0xb9 ./main.o
 .debug_abbrev  0x00000715      0x1be ./sudoku_2015.o
 .debug_abbrev  0x000008d3       0xf9 ./timer.o

.debug_frame    0x00000000      0xa04
 *(.debug_frame)
 .debug_frame   0x00000000      0x114 ./common/44blib.o
 .debug_frame   0x00000114       0x50 ./8led.o
 .debug_frame   0x00000164       0xf4 ./Bmp.o
 .debug_frame   0x00000258       0xbc ./button.o
 .debug_frame   0x00000314      0x23c ./lcd.o
 .debug_frame   0x00000550      0x110 ./led.o
 .debug_frame   0x00000660       0x50 ./main.o
 .debug_frame   0x000006b0      0x170 ./sudoku_2015.o
 .debug_frame   0x00000820      0x1a4 ./timer.o
 .debug_frame   0x000009c4       0x20 c:/program files/eclipsearm/sourcery-g++-lite-arm-2011.03/bin/../lib/gcc/arm-none-eabi/4.5.2\libgcc.a(_divsi3.o)
 .debug_frame   0x000009e4       0x20 c:/program files/eclipsearm/sourcery-g++-lite-arm-2011.03/bin/../lib/gcc/arm-none-eabi/4.5.2/../../../../arm-none-eabi/lib\libc.a(lib_a-strlen.o)
OUTPUT(p2.elf elf32-littlearm)

.debug_aranges  0x00000000      0x140
 .debug_aranges
                0x00000000       0x20 ./common/44binit.o
 .debug_aranges
                0x00000020       0x20 ./common/44blib.o
 .debug_aranges
                0x00000040       0x20 ./8led.o
 .debug_aranges
                0x00000060       0x20 ./Bmp.o
 .debug_aranges
                0x00000080       0x20 ./button.o
 .debug_aranges
                0x000000a0       0x20 ./lcd.o
 .debug_aranges
                0x000000c0       0x20 ./led.o
 .debug_aranges
                0x000000e0       0x20 ./main.o
 .debug_aranges
                0x00000100       0x20 ./sudoku_2015.o
 .debug_aranges
                0x00000120       0x20 ./timer.o

.debug_macinfo  0x00000000    0x39f01
 .debug_macinfo
                0x00000000     0x8109 ./common/44blib.o
 .debug_macinfo
                0x00008109     0x22c7 ./common/AscII8x16.o
 .debug_macinfo
                0x0000a3d0     0x50d9 ./8led.o
 .debug_macinfo
                0x0000f4a9     0x28a1 ./Bmp.o
 .debug_macinfo
                0x00011d4a     0x526c ./button.o
 .debug_macinfo
                0x00016fb6     0x5887 ./lcd.o
 .debug_macinfo
                0x0001c83d     0x50d9 ./led.o
 .debug_macinfo
                0x00021916     0x9495 ./main.o
 .debug_macinfo
                0x0002adab     0xa06e ./sudoku_2015.o
 .debug_macinfo
                0x00034e19     0x50e8 ./timer.o

.debug_loc      0x00000000      0xc60
 .debug_loc     0x00000000      0x160 ./common/44blib.o
 .debug_loc     0x00000160       0x58 ./8led.o
 .debug_loc     0x000001b8      0x134 ./Bmp.o
 .debug_loc     0x000002ec       0xdc ./button.o
 .debug_loc     0x000003c8      0x2ec ./lcd.o
 .debug_loc     0x000006b4      0x160 ./led.o
 .debug_loc     0x00000814       0x58 ./main.o
 .debug_loc     0x0000086c      0x1e4 ./sudoku_2015.o
 .debug_loc     0x00000a50      0x210 ./timer.o

.debug_pubnames
                0x00000000      0x789
 .debug_pubnames
                0x00000000       0xbf ./common/44blib.o
 .debug_pubnames
                0x000000bf       0x26 ./common/AscII8x16.o
 .debug_pubnames
                0x000000e5       0x3d ./8led.o
 .debug_pubnames
                0x00000122       0xcd ./Bmp.o
 .debug_pubnames
                0x000001ef       0xbb ./button.o
 .debug_pubnames
                0x000002aa      0x139 ./lcd.o
 .debug_pubnames
                0x000003e3       0x8b ./led.o
 .debug_pubnames
                0x0000046e       0x34 ./main.o
 .debug_pubnames
                0x000004a2      0x180 ./sudoku_2015.o
 .debug_pubnames
                0x00000622      0x167 ./timer.o

.debug_pubtypes
                0x00000000      0x123
 .debug_pubtypes
                0x00000000       0x12 ./common/44blib.o
 .debug_pubtypes
                0x00000012       0x2d ./Bmp.o
 .debug_pubtypes
                0x0000003f       0x26 ./button.o
 .debug_pubtypes
                0x00000065       0x2d ./lcd.o
 .debug_pubtypes
                0x00000092       0x29 ./main.o
 .debug_pubtypes
                0x000000bb       0x42 ./sudoku_2015.o
 .debug_pubtypes
                0x000000fd       0x26 ./timer.o

.debug_str      0x00000000      0x9eb
 .debug_str     0x00000000      0x150 ./common/44blib.o
                                0x18e (size before relaxing)
 .debug_str     0x00000150       0x26 ./common/AscII8x16.o
                                 0x6f (size before relaxing)
 .debug_str     0x00000176       0x6c ./8led.o
                                 0xa7 (size before relaxing)
 .debug_str     0x000001e2       0xfc ./Bmp.o
                                0x15f (size before relaxing)
 .debug_str     0x000002de       0xfb ./button.o
                                0x14b (size before relaxing)
 .debug_str     0x000003d9      0x19d ./lcd.o
                                0x28a (size before relaxing)
 .debug_str     0x00000576       0x68 ./led.o
                                 0x96 (size before relaxing)
 .debug_str     0x000005de       0x35 ./main.o
                                0x113 (size before relaxing)
 .debug_str     0x00000613      0x2c4 ./sudoku_2015.o
                                0x3e8 (size before relaxing)
 .debug_str     0x000008d7      0x114 ./timer.o
                                0x1b6 (size before relaxing)
